// Jest Snapshot v1, https://goo.gl/fbAQLP

exports[`Тестирование снапшотами блока Auth Снапшот компонента модалки  1`] = `
<div
  className="authBlock"
>
  <h3
    data-testid="auth_header"
  >
    Авторизация (после CI\\CD)
  </h3>
  <label
    style={
      {
        "display": "flex",
        "flexDirection": "column",
      }
    }
  >
    Логин
    <input
      name="login"
      onChange={[Function]}
      type="text"
      value=""
    />
  </label>
  <span>
    Пароль
  </span>
  <input
    name="password"
    onChange={[Function]}
    type="password"
    value=""
  />
  <button
    onClick={[Function]}
    role="button"
  >
    Войти
  </button>
</div>
`;
